../Core/Src/main.c:105:5:main	8	static
../Core/Src/main.c:193:6:SystemClock_Config	88	static
../Core/Src/main.c:235:13:MX_TIM2_Init	48	static
../Core/Src/main.c:284:13:MX_TIM3_Init	48	static
../Core/Src/main.c:333:13:MX_TIM5_Init	32	static
../Core/Src/main.c:378:13:MX_USART2_UART_Init	8	static
../Core/Src/main.c:409:13:MX_DMA_Init	16	static
../Core/Src/main.c:430:13:MX_GPIO_Init	40	static
../Core/Src/main.c:487:13:StartDefaultTask	16	static
../Core/Src/main.c:505:13:StartServoTask	16	static
../Core/Src/main.c:524:6:HAL_TIM_PeriodElapsedCallback	16	static
../Core/Src/main.c:545:6:Error_Handler	4	static,ignoring_inline_asm
